core_cm3.h:1876:26:ITM_SendChar	16	static,ignoring_inline_asm
syscalls.c:48:5:__io_putchar	16	static
syscalls.c:54:6:initialise_monitor_handles	4	static
syscalls.c:57:5:_getpid	4	static
syscalls.c:61:5:_kill	16	static
syscalls.c:66:6:_exit	16	static
syscalls.c:72:27:_read	32	static
syscalls.c:82:27:_write	32	static
syscalls.c:91:5:_close	16	static
syscalls.c:95:5:_fstat	16	static
syscalls.c:100:5:_isatty	16	static
syscalls.c:104:5:_lseek	24	static
syscalls.c:108:5:_open	12	static
syscalls.c:113:5:_wait	16	static
syscalls.c:118:5:_unlink	16	static
syscalls.c:123:5:_times	16	static
syscalls.c:127:5:_stat	16	static
syscalls.c:132:5:_link	16	static
syscalls.c:137:5:_fork	8	static
syscalls.c:142:5:_execve	24	static
